
Memory Configuration

Name             Origin             Length             Attributes
RAM              0x20000000         0x00010000         xrw
FLASH            0x08000000         0x00040000         xr
*default*        0x00000000         0xffffffff

Linker script and memory map

                0x20010000                _estack = (ORIGIN (RAM) + LENGTH (RAM))

.isr_vector     0x08000000      0x198
 *(.isr_vector)
 .isr_vector    0x08000000      0x198 StartupCode_stm32f401xx.o
                0x08000000                Vector_Table
 *(.isr_vector*)

.init           0x08000198       0x9c
 *(.init)
 .init          0x08000198       0x9c StartupCode_stm32f401xx.o
                0x08000198                Reset_Handler
                0x0800022c                FLASH_Handler
                0x0800022c                SVCall_Handler
                0x0800022c                DMA2_Stream7_Handler
                0x0800022c                Systick_Handler
                0x0800022c                HardFault_Handler
                0x0800022c                DMA2_Stream3_Handler
                0x0800022c                PendSV_Handler
                0x0800022c                NMI_Handler
                0x0800022c                DebugMonitor_Handeler
                0x0800022c                EXTI15_10_Handler
                0x0800022c                ADC_Handler
                0x0800022c                I2C1_EV_Handler
                0x0800022c                TAMP_STAMP_Handler
                0x0800022c                I2C3_ER_Handler
                0x0800022c                WWDG_Handler
                0x0800022c                EXTI4_Handler
                0x0800022c                I2C3_EV_Handler
                0x0800022c                DMA1_Stream1_Handler
                0x0800022c                DMA2_Stream4_Handler
                0x0800022c                DMA1_Stream7_Handler
                0x0800022c                OTG_FS_Handler
                0x0800022c                TIM1_BRK_TIM9_Handler
                0x0800022c                I2C1_ER_Handler
                0x0800022c                DMA1_Stream3_Handler
                0x0800022c                UsageFault_Handler
                0x0800022c                TIM1_UP_TIM10_Handler
                0x0800022c                TIM1_CC_Handler
                0x0800022c                I2C2_ER_Handler
                0x0800022c                DMA1_Stream0_Handler
                0x0800022c                EXTI1_Handler
                0x0800022c                RTC_WKUP_Handler
                0x0800022c                EXTI3_Handler
                0x0800022c                EXTI2_Handler
                0x0800022c                EXTI9_5_Handler
                0x0800022c                TIM2_Handler
                0x0800022c                USART1_Handler
                0x0800022c                TIM3_Handler
                0x0800022c                DMA2_Stream6_Handler
                0x0800022c                Default_Handler
                0x0800022c                TIM1_TRG_COM_TIM11_Handler
                0x0800022c                RTC_Alarm_Handler
                0x0800022c                TIM4_Handler
                0x0800022c                SPI2_Handler
                0x0800022c                DMA2_Stream1_Handler
                0x0800022c                DMA1_Stream2_Handler
                0x0800022c                MemManage_Handler
                0x0800022c                EXTI0_Handler
                0x0800022c                USART6_handler
                0x0800022c                DMA2_Stream5_Handler
                0x0800022c                DMA1_Stream6_Handler
                0x0800022c                SDIO_Handler
                0x0800022c                USART2_Handler
                0x0800022c                SPI1_Handler
                0x0800022c                I2C2_EV_Handler
                0x0800022c                DMA2_Stream2_Handler
                0x0800022c                SPI3_Handler
                0x0800022c                DMA2_Stream0_Handler
                0x0800022c                RCC_Handler
                0x0800022c                PVD_Handler
                0x0800022c                DMA1_Stream5_Handler
                0x0800022c                TIM5_Handler
                0x0800022c                FPU_Handler
                0x0800022c                BusFault_Handler
                0x0800022c                DMA1_Stream4_Handler
                0x0800022c                OTG_FS_WKUP_Handler
                0x0800022c                SPI4_Handler
 *(.init*)

.text           0x08000234     0x10c0
 *(.text)
 .text          0x08000234      0xcac GPIO_Program.o
                0x08000234                GPIO_voidPinInit
                0x080002a2                GPIO_voidSetPinMode
                0x080005c0                GPIO_voidSetPinType
                0x08000904                GPIO_voidSetPinSpeed
                0x08000b74                GPIO_voidPortInit
                0x08000bdc                GPIO_voidSetPortMode
                0x08000c14                GPIO_voidSetPortType
                0x08000c4c                GPIO_voidSetPortSpeed
                0x08000c84                GPIO_voidSetPinValueNonAtomic
                0x08000d88                GPIO_voidSetPinValueAtomic
                0x08000e50                GPIO_u8GetPinValue
 .text          0x08000ee0       0x56 main.o
                0x08000ee0                main
 *fill*         0x08000f36        0x2 
 .text          0x08000f38      0x1c0 RCC_Program.o
                0x08000f38                RCC_voidInitSystemClock
                0x08000fa0                RCC_voidEnablePeripheralClock
                0x08001048                RCC_voidDisablePeripheralClock
 .text          0x080010f8        0x0 StartupCode_stm32f401xx.o
 .text          0x080010f8      0x1fc SYSTICK_Program.o
                0x080010f8                STK_voidInit
                0x08001114                STK_voidSetBusyWait
                0x0800115c                STK_voidSetIntervalSingle
                0x080011c8                STK_voidSetIntervalPeriodic
                0x08001234                STK_voidStopInterval
                0x08001270                STK_u32GetElapsedTime
                0x08001298                STK_u32GetRemainingTime
                0x080012b4                SysTick_Handler
 *(.text*)
                0x080012f4                _sdata_flash = LOADADDR (.data)

.glue_7         0x080012f4        0x0
 .glue_7        0x080012f4        0x0 linker stubs

.glue_7t        0x080012f4        0x0
 .glue_7t       0x080012f4        0x0 linker stubs

.vfp11_veneer   0x080012f4        0x0
 .vfp11_veneer  0x080012f4        0x0 linker stubs

.v4_bx          0x080012f4        0x0
 .v4_bx         0x080012f4        0x0 linker stubs

.iplt           0x080012f4        0x0
 .iplt          0x080012f4        0x0 GPIO_Program.o

.rel.dyn        0x080012f4        0x0
 .rel.iplt      0x080012f4        0x0 GPIO_Program.o

.data           0x20000000        0x0 load address 0x080012f4
                0x20000000                _sdata = .
 *(.data)
 .data          0x20000000        0x0 GPIO_Program.o
 .data          0x20000000        0x0 main.o
 .data          0x20000000        0x0 RCC_Program.o
 .data          0x20000000        0x0 StartupCode_stm32f401xx.o
 .data          0x20000000        0x0 SYSTICK_Program.o
 *(.data*)
                0x20000000                _edata = .

.igot.plt       0x20000000        0x0 load address 0x080012f4
 .igot.plt      0x20000000        0x0 GPIO_Program.o

.bss            0x20000000        0x5 load address 0x080012f4
                0x20000000                _sbss = .
 *(.bss)
 .bss           0x20000000        0x0 GPIO_Program.o
 .bss           0x20000000        0x0 main.o
 .bss           0x20000000        0x0 RCC_Program.o
 .bss           0x20000000        0x0 StartupCode_stm32f401xx.o
 .bss           0x20000000        0x5 SYSTICK_Program.o
                0x20000000                Global_CallBackptr1
                0x20000004                STK_IntervalMode
 *(.bss*)
                0x20000005                _ebss = .

.rodata
 *(.rodata)
 *(.rodata*)
LOAD GPIO_Program.o
LOAD main.o
LOAD RCC_Program.o
LOAD StartupCode_stm32f401xx.o
LOAD SYSTICK_Program.o
OUTPUT(app.elf elf32-littlearm)
LOAD linker stubs

.comment        0x00000000       0x49
 .comment       0x00000000       0x49 GPIO_Program.o
                                 0x4a (size before relaxing)
 .comment       0x00000049       0x4a main.o
 .comment       0x00000049       0x4a RCC_Program.o
 .comment       0x00000049       0x4a StartupCode_stm32f401xx.o
 .comment       0x00000049       0x4a SYSTICK_Program.o

.ARM.attributes
                0x00000000       0x2e
 .ARM.attributes
                0x00000000       0x2e GPIO_Program.o
 .ARM.attributes
                0x0000002e       0x2e main.o
 .ARM.attributes
                0x0000005c       0x2e RCC_Program.o
 .ARM.attributes
                0x0000008a       0x2e StartupCode_stm32f401xx.o
 .ARM.attributes
                0x000000b8       0x2e SYSTICK_Program.o
